Diagnose log at 2026-06-03T02:50:35Z

AppPath: C:\Program Files\Git\mingw64\bin\git-credential-manager.exe
InstallDir: C:\Program Files\Git\mingw64\bin\
Version: 2.6.1+786ab03440ddc82e807a97c0e540f5247e44cec6

------------
Diagnostic: Environment
Skipped: False
Success: True
Exception: None
Log:
OSType: Windows
OSVersion: 10.0 (build 26200)
Reading environment variables... OK
 Variables:
HOMEPATH=\Users\THERESA
DriverData=C:\Windows\System32\Drivers\DriverData
COMPUTERNAME=LAPTOP-SVH83MHO
GIT_TRACE2_PARENT_SID=500b6f78-2fc0-4eb0-88f2-b3268183e06c
CommonProgramFiles(x86)=C:\Program Files (x86)\Common Files
_CONDA_EXE=C:\Users\THERESA\anaconda3\Scripts\conda.exe
OneDrive=C:\Users\THERESA\OneDrive
CONDA_PYTHON_EXE=C:\Users\THERESA\anaconda3\python.exe
CONDA_DEFAULT_ENV=base
RegionCode=APJ
conbin=C:\Users\THERESA\anaconda\condabin
TMP=C:\Users\THERESA\AppData\Local\Temp
PROCESSOR_REVISION=5000
PATHEXT=.COM;.EXE;.BAT;.CMD;.VBS;.VBE;.JS;.JSE;.WSF;.WSH;.MSC;.CPL
LANG=en_US.UTF-8
__CONDA_OPENSLL_CERT_FILE_SET=1
GIT_EXEC_PATH=C:/Program Files/Git/mingw64/libexec/git-core
TEMP=C:\Users\THERESA\AppData\Local\Temp
LOCALAPPDATA=C:\Users\THERESA\AppData\Local
MSYSTEM=MINGW64
SESSIONNAME=Console
PROCESSOR_IDENTIFIER=AMD64 Family 25 Model 80 Stepping 0, AuthenticAMD
VSCODE_PYTHON_AUTOACTIVATE_GUARD=1
CONDA_EXE=C:\Users\THERESA\anaconda3\Scripts\conda.exe
USERDOMAIN=LAPTOP-SVH83MHO
CONDA_SHLVL=1
platformcode=KV
Path=C:/Program Files/Git/mingw64/libexec/git-core;C:\Program Files\Git\mingw64\bin;C:\Program Files\Git\usr\bin;C:\Users\THERESA\bin;C:\Users\THERESA\anaconda3;C:\Users\THERESA\anaconda3\Library\mingw-w64\bin;C:\Users\THERESA\anaconda3\Library\usr\bin;C:\Users\THERESA\anaconda3\Library\bin;C:\Users\THERESA\anaconda3\Scripts;C:\Users\THERESA\anaconda3\bin;C:\Users\THERESA\anaconda3\condabin;C:\Program Files\Common Files\Oracle\Java\javapath;C:\WINDOWS\system32;C:\WINDOWS;C:\WINDOWS\System32\Wbem;C:\WINDOWS\System32\WindowsPowerShell\v1.0;C:\WINDOWS\System32\OpenSSH;C:\Program Files (x86)\Microsoft SQL Server\160\DTS\Binn;C:\Program Files\nodejs;C:\Program Files (x86)\Microsoft SQL Server\160\Tools\Binn;C:\Program Files\Microsoft SQL Server\160\Tools\Binn;C:\Program Files\Microsoft SQL Server\Client SDK\ODBC\170\Tools\Binn;C:\Program Files\Microsoft SQL Server\160\DTS\Binn;C:\Program Files\Git\cmd;C:\Program Files\Docker\Docker\resources\bin;C:\Users\THERESA\AppData\Local\Programs\Python\Python311\Scripts;C:\Users\THERESA\AppData\Local\Programs\Python\Python311;C:\Users\THERESA\anaconda3;C:\Users\THERESA\anaconda3\Library\mingw-w64\bin;C:\Users\THERESA\anaconda3\Library\usr\bin;C:\Users\THERESA\anaconda3\Library\bin;C:\Users\THERESA\anaconda3\Scripts;C:\Users\THERESA\AppData\Local\Programs\Python\Python38\Scripts;C:\Users\THERESA\AppData\Local\Programs\Python\Python38;C:\Users\THERESA\AppData\Local\Programs\Python\Python313\Scripts;C:\Users\THERESA\AppData\Local\Programs\Python\Python313;C:\Program Files\MySQL\MySQL Shell 8.0\bin;C:\Users\THERESA\AppData\Local\Microsoft\WindowsApps;C:\Users\THERESA\AppData\Local\Programs\Microsoft VS Code\bin;C:\Users\THERESA\AppData\Roaming\npm;C:\Users\THERESA\AppData\Local\Google\Cloud SDK\google-cloud-sdk\bin;C:\Users\THERESA\AppData\Local\Microsoft\WinGet\Packages\Hashicorp.Terraform_Microsoft.Winget.Source_8wekyb3d8bbwe;.
TERM_PROGRAM=vscode
PROCESSOR_LEVEL=25
NUMBER_OF_PROCESSORS=12
lib=C:\Users\THERESA\anaconda\Library\bin
TERM_PROGRAM_VERSION=1.122.1
EFC_29020_1592913036=1
ProgramFiles(x86)=C:\Program Files (x86)
PUBLIC=C:\Users\Public
EFC_29020_4126798990=1
anas=C:\Users\THERESA\anaconda\Scripts
CommonProgramFiles=C:\Program Files (x86)\Common Files
VSCODE_INJECTION=1
CONDA_PROMPT_MODIFIER=(base) 
ana=C:\Users\THERESA\.anaconda
COLORTERM=truecolor
CHROME_CRASHPAD_PIPE_NAME=\\.\pipe\crashpad_7508_USKBUYNKUNSJBKBN
asl.log=Destination=file
SSL_CERT_FILE=C:\Users\THERESA\anaconda3\Library\ssl\cacert.pem
PLINK_PROTOCOL=ssh
ProgramData=C:\ProgramData
ProgramW6432=C:\Program Files
ProgramFiles=C:\Program Files (x86)
OnlineServices=Online Services
_CONDA_ROOT=C:\Users\THERESA\anaconda3
TMPDIR=C:\Users\THERESA\AppData\Local\Temp
SystemRoot=C:\WINDOWS
HOME=C:\Users\THERESA
CommonProgramW6432=C:\Program Files\Common Files
LOGONSERVER=\\LAPTOP-SVH83MHO
USERPROFILE=C:\Users\THERESA
FPS_BROWSER_USER_PROFILE_STRING=Default
CONDA_PREFIX=C:\Users\THERESA\anaconda3
USERDOMAIN_ROAMINGPROFILE=LAPTOP-SVH83MHO
TERM=xterm-256color
APPDATA=C:\Users\THERESA\AppData\Roaming
HOMEDRIVE=C:
PSModulePath=C:\Users\THERESA\Documents\WindowsPowerShell\Modules;C:\Program Files\WindowsPowerShell\Modules;C:\WINDOWS\system32\WindowsPowerShell\v1.0\Modules;C:\Program Files (x86)\Microsoft SQL Server\160\Tools\PowerShell\Modules\
VBOX_MSI_INSTALL_PATH=C:\Program Files\Oracle\VirtualBox\
USERNAME=THERESA
PROCESSOR_ARCHITEW6432=AMD64
FPS_BROWSER_APP_PROFILE_STRING=Internet Explorer
PROCESSOR_ARCHITECTURE=x86
OS=Windows_NT
ComSpec=C:\WINDOWS\system32\cmd.exe
SystemDrive=C:
windir=C:\WINDOWS
OneDriveConsumer=C:\Users\THERESA\OneDrive
ALLUSERSPROFILE=C:\ProgramData


------------
Diagnostic: File system
Skipped: False
Success: True
Exception: None
Log:
Temporary directory is 'C:\Users\THERESA\AppData\Local\Temp\'...
Checking basic file I/O...
Writing to temporary file 'C:\Users\THERESA\AppData\Local\Temp\62004650bbf6e6afd7229685'... OK
Reading from temporary file 'C:\Users\THERESA\AppData\Local\Temp\62004650bbf6e6afd7229685'... OK
Deleting temporary file 'C:\Users\THERESA\AppData\Local\Temp\62004650bbf6e6afd7229685'... OK
Testing IFileSystem instance...
UserHomePath: C:\Users\THERESA
UserDataDirectoryPath: C:\Users\THERESA\.gcm
GetCurrentDirectory(): C:\Users\THERESA\Tasks-Tacheon

------------
Diagnostic: Networking
Skipped: False
Success: True
Exception: None
Log:
Checking networking and HTTP stack...
Creating HTTP client... OK
IsNetworkAvailable: True
Sending HEAD request to http://example.com...Sending HEAD request to https://example.com... OK
 OK
Acquiring free TCP port... OK
Testing local HTTP loopback connections...
Creating new HTTP listener for http://localhost:61683/... OK
Waiting for loopback connection... OK
Writing response... OK
Waiting for response data... OK
Loopback connection data OK

------------
Diagnostic: Git
Skipped: False
Success: True
Exception: None
Log:
Getting Git version... OK
Git version is '2.49.0.windows.1'
Locating current repository...Git repository at 'C:/Users/THERESA/Tasks-Tacheon/.git'
 OK
Listing all Git configuration... OK
Git configuration:
file:C:/Program Files/Git/etc/gitconfig	diff.astextplain.textconv=astextplain
file:C:/Program Files/Git/etc/gitconfig	filter.lfs.clean=git-lfs clean -- %f
file:C:/Program Files/Git/etc/gitconfig	filter.lfs.smudge=git-lfs smudge -- %f
file:C:/Program Files/Git/etc/gitconfig	filter.lfs.process=git-lfs filter-process
file:C:/Program Files/Git/etc/gitconfig	filter.lfs.required=true
file:C:/Program Files/Git/etc/gitconfig	http.sslbackend=schannel
file:C:/Program Files/Git/etc/gitconfig	core.autocrlf=true
file:C:/Program Files/Git/etc/gitconfig	core.fscache=true
file:C:/Program Files/Git/etc/gitconfig	core.symlinks=false
file:C:/Program Files/Git/etc/gitconfig	pull.rebase=false
file:C:/Program Files/Git/etc/gitconfig	credential.helper=manager
file:C:/Program Files/Git/etc/gitconfig	credential.https://dev.azure.com.usehttppath=true
file:C:/Program Files/Git/etc/gitconfig	init.defaultbranch=master
file:C:/Users/THERESA/.gitconfig	user.email=theresa.abel@msds.christuniversity.in
file:C:/Users/THERESA/.gitconfig	user.name=theresaabel-pixel
file:.git/config	core.repositoryformatversion=0
file:.git/config	core.filemode=false
file:.git/config	core.bare=false
file:.git/config	core.logallrefupdates=true
file:.git/config	core.symlinks=false
file:.git/config	core.ignorecase=true
file:.git/config	remote.origin.url=https://github.com/theresaabel-pixel/Tasks-Tacheon.git
file:.git/config	remote.origin.fetch=+refs/heads/*:refs/remotes/origin/*
file:.git/config	branch.main.remote=origin
file:.git/config	branch.main.merge=refs/heads/main


------------
Diagnostic: Credential storage
Skipped: False
Success: True
Exception: None
Log:
ICredentialStore instance is of type: CredentialStore
Writing test credential... OK
Reading test credential... OK
Deleting test credential... OK

------------
Diagnostic: Microsoft authentication (AAD/MSA)
Skipped: False
Success: True
Exception: None
Log:
Broker is not enabled.
Flow type is: Auto
Gathering MSAL token cache data... OK
CacheDirectory: C:\Users\THERESA\AppData\Local\.IdentityService
CacheFileName: msal.cache
CacheFilePath: C:\Users\THERESA\AppData\Local\.IdentityService\msal.cache
Creating cache helper... OK
Verifying MSAL token cache persistence... OK

------------
Diagnostic: GitHub API
Skipped: False
Success: True
Exception: None
Log:
Using 'https://github.com/' as API target.
Querying '/meta' endpoint... OK

